{"level":"info","message":"Navigating to login page:"}
{"level":"info","message":"Username to fill:"}
{"level":"info","message":"Password to fill:"}
{"level":"info","message":"Navigating to login page..."}
{"level":"info","message":"Filling username..."}
{"level":"info","message":"Filling password..."}
{"level":"info","message":"Clicking login button..."}
{"level":"info","message":"Navigating to login page..."}
{"level":"info","message":"Filling username..."}
{"level":"info","message":"Filling password..."}
{"level":"info","message":"Clicking login button..."}
{"level":"info","message":"Navigating to login page..."}
{"level":"info","message":"Filling username..."}
{"level":"info","message":"Filling password..."}
{"level":"info","message":"Clicking login button..."}
[2026-05-06 16:07:37] INFO: Navigating to login page...
[2026-05-06 16:07:40] INFO: Filling username...
[2026-05-06 16:07:40] INFO: Filling password...
[2026-05-06 16:07:40] INFO: Clicking login button...
[2026-05-06 16:33:07] INFO: Navigating to login page...
[2026-05-06 16:33:09] INFO: Filling username...
[2026-05-06 16:33:10] INFO: Filling password...
[2026-05-06 16:33:10] INFO: Clicking login button...
[2026-05-06 16:33:10] INFO: Waiting for product cards to load...
[2026-05-06 16:41:21] INFO: Navigating to login page...
[2026-05-06 16:41:24] INFO: Filling username...
[2026-05-06 16:41:24] INFO: Filling password...
[2026-05-06 16:41:24] INFO: Clicking login button...
[2026-05-06 16:41:25] INFO: Waiting for product cards to load...
[2026-05-06 16:41:25] INFO: Available products: ADIDAS ORIGINAL, ZARA COAT 3, iphone 13 pro
[2026-05-06 16:41:25] INFO: Adding product "zara coat 3" to cart...
[2026-05-06 16:45:31] INFO: Navigating to login page...
[2026-05-06 16:45:33] INFO: Filling username...
[2026-05-06 16:45:34] INFO: Filling password...
[2026-05-06 16:45:34] INFO: Clicking login button...
[2026-05-06 16:45:34] INFO: Waiting for product cards to load...
[2026-05-06 16:45:34] INFO: Available products: ADIDAS ORIGINAL, ZARA COAT 3, iphone 13 pro
[2026-05-06 16:45:34] INFO: Adding product "zara coat 3" to cart...
[2026-05-06 16:45:35] INFO: Navigating to Cart page...
[2026-05-06 16:45:38] INFO: Navigating to Orders page...
[2026-05-06 17:00:33] INFO: Navigating to login page...
[2026-05-06 17:00:35] INFO: Filling username...
[2026-05-06 17:00:36] INFO: Filling password...
[2026-05-06 17:00:36] INFO: Clicking login button...
[2026-05-06 17:00:36] INFO: Waiting for product cards to load...
[2026-05-06 17:00:37] INFO: Available products: ADIDAS ORIGINAL, ZARA COAT 3, iphone 13 pro
[2026-05-06 17:00:37] INFO: Adding product "zara coat 3" to cart...
[2026-05-06 17:00:37] INFO: Navigating to Cart page...
[2026-05-06 17:00:39] INFO: Verifying product in cart: zara coat 3
[2026-05-06 17:00:39] INFO: Navigating to Checkout page...
[2026-05-06 17:00:41] INFO: Navigating to Orders page...
[2026-05-06 17:32:30] INFO: Navigating to login page...
[2026-05-06 17:32:32] INFO: Filling username...
[2026-05-06 17:32:32] INFO: Filling password...
[2026-05-06 17:32:33] INFO: Clicking login button...
[2026-05-06 17:32:33] INFO: Waiting for product cards to load...
[2026-05-06 17:32:33] INFO: Available products: ADIDAS ORIGINAL, ZARA COAT 3, iphone 13 pro
[2026-05-06 17:32:33] INFO: Adding product "zara coat 3" to cart...
[2026-05-06 17:32:34] INFO: Navigating to Cart page...
[2026-05-06 17:32:35] INFO: Verifying product in cart: zara coat 3
[2026-05-06 17:32:36] INFO: Navigating to Checkout page...
[2026-05-06 17:32:36] INFO: Selecting country: ind
[2026-05-06 17:32:38] INFO: Submitting order...
[2026-05-06 17:32:38] INFO: Fetching order ID...
[2026-05-06 17:32:38] INFO: Navigating to Orders page...
[2026-05-06 17:52:45] INFO: Navigating to login page...
[2026-05-06 17:52:47] INFO: Filling username...
[2026-05-06 17:52:47] INFO: Filling password...
[2026-05-06 17:52:47] INFO: Clicking login button...
[2026-05-06 17:52:48] INFO: Waiting for product cards to load...
[2026-05-06 17:52:48] INFO: Available products: ADIDAS ORIGINAL, ZARA COAT 3, iphone 13 pro
[2026-05-06 17:52:48] INFO: Adding product "zara coat 3" to cart...
[2026-05-06 17:52:49] INFO: Navigating to Cart page...
[2026-05-06 17:52:50] INFO: Verifying product in cart: zara coat 3
[2026-05-06 17:52:50] INFO: Navigating to Checkout page...
[2026-05-06 17:52:51] INFO: Selecting country: ind
[2026-05-06 17:52:52] INFO: Submitting order...
[2026-05-06 17:52:53] INFO: Fetching order ID...
[2026-05-06 17:52:53] INFO: Navigating to Orders page...
[2026-05-06 17:52:53] INFO: Searching for order ID: | 69fb3294eb0333b6db381f84 |
[2026-05-06 17:59:32] INFO: Navigating to login page...
[2026-05-06 17:59:34] INFO: Filling username...
[2026-05-06 17:59:34] INFO: Filling password...
[2026-05-06 17:59:34] INFO: Clicking login button...
[2026-05-06 17:59:35] INFO: Waiting for product cards to load...
[2026-05-06 17:59:35] INFO: Available products: ADIDAS ORIGINAL, ZARA COAT 3, iphone 13 pro
[2026-05-06 17:59:35] INFO: Adding product "zara coat 3" to cart...
[2026-05-06 17:59:36] INFO: Navigating to Cart page...
[2026-05-06 17:59:38] INFO: Verifying product in cart: zara coat 3
[2026-05-06 17:59:38] INFO: Navigating to Checkout page...
[2026-05-06 17:59:38] INFO: Selecting country: ind
[2026-05-06 17:59:40] INFO: Submitting order...
[2026-05-06 17:59:40] INFO: Fetching order ID...
[2026-05-06 17:59:40] INFO: Navigating to Orders page...
[2026-05-06 17:59:40] INFO: Searching for order ID: | 69fb342ceb0333b6db382309 |
[2026-05-06 17:59:40] INFO: Available order IDs: Order Id, Product Image, Name, Price, Ordered Date, View, Delete, 69fb342ceb0333b6db382309, 69fb3294eb0333b6db381f84, 69fb2dd6eb0333b6db38121d, 69fb2658eb0333b6db37f69a, 69fb22d2eb0333b6db37ea30, 69fb21d9eb0333b6db37e679, 69fb19f1eb0333b6db37c787
[2026-05-06 18:03:16] INFO: Navigating to login page...
[2026-05-06 18:03:19] INFO: Filling username...
[2026-05-06 18:03:20] INFO: Filling password...
[2026-05-06 18:03:20] INFO: Clicking login button...
[2026-05-06 18:03:21] INFO: Waiting for product cards to load...
[2026-05-06 18:03:21] INFO: Available products: ADIDAS ORIGINAL, ZARA COAT 3, iphone 13 pro
[2026-05-06 18:03:21] INFO: Adding product "zara coat 3" to cart...
[2026-05-06 18:03:21] INFO: Navigating to Cart page...
[2026-05-06 18:03:23] INFO: Verifying product in cart: zara coat 3
[2026-05-06 18:03:23] INFO: Navigating to Checkout page...
[2026-05-06 18:03:24] INFO: Selecting country: ind
[2026-05-06 18:03:25] INFO: Submitting order...
[2026-05-06 18:03:25] INFO: Fetching order ID...
[2026-05-06 18:03:25] INFO: Navigating to Orders page...
[2026-05-06 18:03:26] INFO: Searching for order ID: | 69fb350deb0333b6db3825e0 |
[2026-05-06 18:07:51] INFO: Navigating to login page...
[2026-05-06 18:07:54] INFO: Filling username...
[2026-05-06 18:07:54] INFO: Filling password...
[2026-05-06 18:07:55] INFO: Clicking login button...
[2026-05-06 18:07:55] INFO: Waiting for product cards to load...
[2026-05-06 18:07:55] INFO: Available products: ADIDAS ORIGINAL, ZARA COAT 3, iphone 13 pro
[2026-05-06 18:07:55] INFO: Adding product "zara coat 3" to cart...
[2026-05-06 18:07:56] INFO: Navigating to Cart page...
[2026-05-06 18:07:57] INFO: Verifying product in cart: zara coat 3
[2026-05-06 18:07:57] INFO: Navigating to Checkout page...
[2026-05-06 18:07:58] INFO: Selecting country: ind
[2026-05-06 18:07:59] INFO: Submitting order...
[2026-05-06 18:08:00] INFO: Fetching order ID...
[2026-05-06 18:08:00] INFO: Navigating to Orders page...
[2026-05-06 18:08:00] INFO: Searching for order ID: | 69fb3620eb0333b6db38283f |
[2026-05-06 18:13:49] INFO: Navigating to login page...
[2026-05-06 18:13:53] INFO: Filling username...
[2026-05-06 18:13:54] INFO: Filling password...
[2026-05-06 18:13:54] INFO: Clicking login button...
[2026-05-06 18:13:54] INFO: Waiting for product cards to load...
[2026-05-06 18:13:54] INFO: Available products: ADIDAS ORIGINAL, ZARA COAT 3, iphone 13 pro
[2026-05-06 18:13:55] INFO: Adding product "zara coat 3" to cart...
[2026-05-06 18:13:55] INFO: Navigating to Cart page...
[2026-05-06 18:13:56] INFO: Verifying product in cart: zara coat 3
[2026-05-06 18:13:56] INFO: Navigating to Checkout page...
[2026-05-06 18:13:57] INFO: Selecting country: ind
[2026-05-06 18:13:58] INFO: Submitting order...
[2026-05-06 18:13:59] INFO: Fetching order ID...
[2026-05-06 18:13:59] INFO: Navigating to Orders page...
[2026-05-06 18:13:59] INFO: Searching for order ID: | 69fb3787eb0333b6db382b4c |
[2026-05-06 18:20:00] INFO: Navigating to login page...
[2026-05-06 18:20:01] INFO: Filling username...
[2026-05-06 18:20:02] INFO: Filling password...
[2026-05-06 18:20:02] INFO: Clicking login button...
[2026-05-06 18:20:02] INFO: Waiting for product cards to load...
[2026-05-06 18:20:03] INFO: Available products: ADIDAS ORIGINAL, ZARA COAT 3, iphone 13 pro
[2026-05-06 18:20:03] INFO: Adding product "zara coat 3" to cart...
[2026-05-06 18:20:03] INFO: Navigating to Cart page...
[2026-05-06 18:20:05] INFO: Verifying product in cart: zara coat 3
[2026-05-06 18:20:05] INFO: Navigating to Checkout page...
[2026-05-06 18:20:06] INFO: Selecting country: ind
[2026-05-06 18:20:07] INFO: Submitting order...
[2026-05-06 18:20:07] INFO: Fetching order ID...
[2026-05-06 18:20:07] INFO: Navigating to Orders page...
[2026-05-06 18:20:08] INFO: Searching for order ID: | 69fb38f7eb0333b6db38308e |
[2026-05-06 18:28:21] INFO: Navigating to login page...
[2026-05-06 18:28:28] INFO: Filling username...
[2026-05-06 18:28:28] INFO: Filling password...
[2026-05-06 18:28:28] INFO: Clicking login button...
[2026-05-06 18:28:28] INFO: Waiting for product cards to load...
[2026-05-06 18:28:29] INFO: Available products: ADIDAS ORIGINAL, ZARA COAT 3, iphone 13 pro
[2026-05-06 18:28:29] INFO: Adding product "zara coat 3" to cart...
[2026-05-06 18:28:29] INFO: Navigating to Cart page...
[2026-05-06 18:28:31] INFO: Verifying product in cart: zara coat 3
[2026-05-06 18:28:31] INFO: Navigating to Checkout page...
[2026-05-06 18:28:31] INFO: Selecting country: ind
[2026-05-06 18:28:33] INFO: Submitting order...
[2026-05-06 18:28:33] INFO: Fetching order ID...
[2026-05-06 18:28:33] INFO: Navigating to Orders page...
[2026-05-06 18:28:33] INFO: Searching for order ID: | 69fb3af1eb0333b6db3837e2 |
[2026-05-06 18:37:52] INFO: Navigating to login page...
[2026-05-06 18:37:55] INFO: Filling username...
[2026-05-06 18:37:55] INFO: Filling password...
[2026-05-06 18:37:55] INFO: Clicking login button...
[2026-05-06 18:37:56] INFO: Waiting for product cards to load...
[2026-05-06 18:37:56] INFO: Available products: ADIDAS ORIGINAL, ZARA COAT 3, iphone 13 pro
[2026-05-06 18:37:56] INFO: Adding product "zara coat 3" to cart...
[2026-05-06 18:37:56] INFO: Navigating to Cart page...
[2026-05-06 18:37:58] INFO: Verifying product in cart: zara coat 3
[2026-05-06 18:37:58] INFO: Navigating to Checkout page...
[2026-05-06 18:37:59] INFO: Selecting country: ind
[2026-05-06 18:38:00] INFO: Submitting order...
[2026-05-06 18:38:00] INFO: Fetching order ID...
[2026-05-06 18:38:00] INFO: Navigating to Orders page...
[2026-05-06 18:38:00] INFO: Searching for order ID: | 69fb3d28eb0333b6db383e02 |
[2026-05-06 18:42:34] INFO: Navigating to login page...
[2026-05-06 18:42:36] INFO: Filling username...
[2026-05-06 18:42:36] INFO: Filling password...
[2026-05-06 18:42:37] INFO: Clicking login button...
[2026-05-06 18:42:37] INFO: Waiting for product cards to load...
[2026-05-06 18:42:37] INFO: Available products: ADIDAS ORIGINAL, ZARA COAT 3, iphone 13 pro
[2026-05-06 18:42:37] INFO: Adding product "zara coat 3" to cart...
[2026-05-06 18:42:38] INFO: Navigating to Cart page...
[2026-05-06 18:42:40] INFO: Verifying product in cart: zara coat 3
[2026-05-06 18:42:40] INFO: Navigating to Checkout page...
[2026-05-06 18:42:41] INFO: Selecting country: ind
[2026-05-06 18:42:42] INFO: Submitting order...
[2026-05-06 18:42:42] INFO: Fetching order ID...
[2026-05-06 18:42:42] INFO: Navigating to Orders page...
[2026-05-06 18:42:42] INFO: Searching for order ID: | 69fb3e42eb0333b6db38412d |
[2026-05-06 18:42:42] INFO: RAW: "69fb3e42eb0333b6db38412d"
[2026-05-06 18:42:42] INFO: CLEAN: "69fb3e42eb0333b6db38412d"
[2026-05-06 18:42:42] INFO: EXPECTED CLEAN: "69fb3e42eb0333b6db38412d"
[2026-05-06 18:42:42] INFO: Order found. Clicking 'View' button.
[2026-05-06 18:47:38] INFO: Navigating to login page...
[2026-05-06 18:47:40] INFO: Filling username...
[2026-05-06 18:47:40] INFO: Filling password...
[2026-05-06 18:47:41] INFO: Clicking login button...
[2026-05-06 18:47:41] INFO: Waiting for product cards to load...
[2026-05-06 18:47:41] INFO: Available products: ADIDAS ORIGINAL, ZARA COAT 3, iphone 13 pro
[2026-05-06 18:47:41] INFO: Adding product "zara coat 3" to cart...
[2026-05-06 18:47:42] INFO: Navigating to Cart page...
[2026-05-06 18:47:44] INFO: Verifying product in cart: zara coat 3
[2026-05-06 18:47:44] INFO: Navigating to Checkout page...
[2026-05-06 18:47:44] INFO: Selecting country: ind
[2026-05-06 18:47:46] INFO: Submitting order...
[2026-05-06 18:47:46] INFO: Fetching order ID...
[2026-05-06 18:47:46] INFO: Navigating to Orders page...
[2026-05-06 18:47:46] INFO: Searching for order ID: | 69fb3f72eb0333b6db3845ea |
[2026-05-06 18:47:46] INFO: RAW: "69fb3f72eb0333b6db3845ea"
[2026-05-06 18:47:46] INFO: CLEAN: "69fb3f72eb0333b6db3845ea"
[2026-05-06 18:47:46] INFO: EXPECTED CLEAN: "69fb3f72eb0333b6db3845ea"
[2026-05-06 18:47:46] INFO: Order found. Clicking 'View' button.
[2026-05-06 18:52:44] INFO: Navigating to login page...
[2026-05-06 18:52:47] INFO: Filling username...
[2026-05-06 18:52:48] INFO: Filling password...
[2026-05-06 18:52:48] INFO: Clicking login button...
[2026-05-06 18:52:49] INFO: Waiting for product cards to load...
[2026-05-06 18:52:49] INFO: Available products: ADIDAS ORIGINAL, ZARA COAT 3, iphone 13 pro
[2026-05-06 18:52:49] INFO: Adding product "zara coat 3" to cart...
[2026-05-06 18:52:49] INFO: Navigating to Cart page...
[2026-05-06 18:52:51] INFO: Verifying product in cart: zara coat 3
[2026-05-06 18:52:51] INFO: Navigating to Checkout page...
[2026-05-06 18:52:52] INFO: Selecting country: ind
[2026-05-06 18:52:53] INFO: Submitting order...
[2026-05-06 18:52:54] INFO: Fetching order ID...
[2026-05-06 18:52:54] INFO: Navigating to Orders page...
[2026-05-06 18:52:54] INFO: Order found. Clicking 'View' button.
[2026-05-11 15:49:49] INFO: Navigating to login page...
[2026-05-11 15:49:54] INFO: Filling username...
[2026-05-11 15:49:54] INFO: Filling password...
[2026-05-11 15:49:55] INFO: Clicking login button...
[2026-05-11 15:49:55] INFO: Waiting for product cards to load...
[2026-05-11 15:49:55] INFO: Available products: ADIDAS ORIGINAL, ZARA COAT 3, iphone 13 pro
[2026-05-11 15:49:55] INFO: Adding product "zara coat 3" to cart...
[2026-05-11 15:49:56] INFO: Navigating to Cart page...
[2026-05-11 15:49:58] INFO: Verifying product in cart: zara coat 3
[2026-05-11 15:49:58] INFO: Navigating to Checkout page...
[2026-05-11 15:49:58] INFO: Selecting country: ind
[2026-05-11 15:50:00] INFO: Submitting order...
[2026-05-11 15:50:00] INFO: Fetching order ID...
[2026-05-11 15:50:00] INFO: Navigating to Orders page...
[2026-05-11 15:50:00] INFO: Order found. Clicking 'View' button.
